2026-06-21 16:48:35,307 - MyPosApp - INFO - Application startup
2026-06-22 00:50:59,048 - MyPosApp - INFO - Application startup
2026-06-22 00:54:51,068 - MyPosApp - INFO - Application startup
2026-06-22 01:11:29,909 - MyPosApp - INFO - Application startup
2026-06-22 01:11:31,048 - MyPosApp - INFO - ユーザーログイン: 店長
2026-06-25 16:00:29,868 - MyPosApp - CRITICAL - Uncaught exception:
Traceback (most recent call last):
  File "C:\Users\faia2\Desktop\レジv5\MyPosApp\main.py", line 39, in <module>
    from app.views.main_window import MainWindow
  File "C:\Users\faia2\Desktop\レジv5\MyPosApp\app\views\main_window.py", line 35, in <module>
    from app.services.excel_exporter import ExcelReportExporter
  File "C:\Users\faia2\Desktop\レジv5\MyPosApp\app\services\excel_exporter.py", line 4, in <module>
    from openpyxl import load_workbook
ModuleNotFoundError: No module named 'openpyxl'

2026-06-25 16:01:01,086 - MyPosApp - CRITICAL - Uncaught exception:
Traceback (most recent call last):
  File "C:\Users\faia2\Desktop\レジv5\MyPosApp\main.py", line 39, in <module>
    from app.views.main_window import MainWindow
  File "C:\Users\faia2\Desktop\レジv5\MyPosApp\app\views\main_window.py", line 35, in <module>
    from app.services.excel_exporter import ExcelReportExporter
  File "C:\Users\faia2\Desktop\レジv5\MyPosApp\app\services\excel_exporter.py", line 4, in <module>
    from openpyxl import load_workbook
ModuleNotFoundError: No module named 'openpyxl'

2026-06-25 16:03:28,917 - MyPosApp - INFO - Application startup
2026-06-25 16:03:31,271 - MyPosApp - INFO - ユーザーログイン: 店長
2026-06-25 16:18:31,784 - MyPosApp - INFO - Application startup
2026-06-25 16:18:35,460 - MyPosApp - INFO - ユーザーログイン: 店長
